// Jest Snapshot v1, https://goo.gl/fbAQLP

exports[`snapshots are written to custom location 1`] = `"foobar"`;
