// Jest Snapshot v1, https://goo.gl/fbAQLP

exports[`escape substitution 1`] = `"\${banana}"`;
