// Jest Snapshot v1, https://goo.gl/fbAQLP

exports[`escape strings 1`] = `"one: \\'"`;
